// Jest Snapshot v1, https://goo.gl/fbAQLP

exports[`App should render without crashing 1`] = `
<Fragment>
  <Memo(GlobalStyleComponent) />
  <header>
    <Title />
    <Info />
  </header>
  <main>
    <Generator />
  </main>
</Fragment>
`;
